<?xml version="1.0" encoding="utf-8"?><testsuites><testsuite name="pytest" errors="0" failures="0" skipped="0" tests="4" time="35.798" timestamp="2024-02-22T11:19:30.009156" hostname="Chiuzus-MacBook-Pro.local"><testcase classname="tests.steps.test_home_page_steps" name="test_home_page" time="0.000" /><testcase classname="tests.test_home_page" name="test_home_page_initialisation" time="1.482" /><testcase classname="tests.test_home_page" name="test_home_page_load" time="3.972" /><testcase classname="tests.test_home_page" name="test_home_page_title" time="30.312" /></testsuite></testsuites>